#
# There is insufficient memory for the Java Runtime Environment to continue.
# Native memory allocation (malloc) failed to allocate 1780256 bytes for Chunk::new
# Possible reasons:
#   The system is out of physical RAM or swap space
#   The process is running with CompressedOops enabled, and the Java Heap may be blocking the growth of the native heap
# Possible solutions:
#   Reduce memory load on the system
#   Increase physical memory or swap space
#   Check if swap backing store is full
#   Decrease Java heap size (-Xmx/-Xms)
#   Decrease number of Java threads
#   Decrease Java thread stack sizes (-Xss)
#   Set larger code cache with -XX:ReservedCodeCacheSize=
#   JVM is running with Unscaled Compressed Oops mode in which the Java heap is
#     placed in the first 4GB address space. The Java Heap base address is the
#     maximum limit for the native heap growth. Please use -XX:HeapBaseMinAddress
#     to set the Java Heap base and to place the Java Heap above 4GB virtual address.
# This output file may be truncated or incomplete.
#
#  Out of Memory Error (arena.cpp:184), pid=31988, tid=30052
#
# JRE version: Java(TM) SE Runtime Environment (20.0+36) (build 20+36-2344)
# Java VM: Java HotSpot(TM) 64-Bit Server VM (20+36-2344, mixed mode, sharing, tiered, compressed oops, compressed class ptrs, g1 gc, windows-amd64)
# No core dump will be written. Minidumps are not enabled by default on client versions of Windows
#

---------------  S U M M A R Y ------------

Command Line: -javaagent:C:\Program Files\JetBrains\IntelliJ IDEA Community Edition 2023.1\lib\idea_rt.jar=61630:C:\Program Files\JetBrains\IntelliJ IDEA Community Edition 2023.1\bin -Dfile.encoding=UTF-8 -Dsun.stdout.encoding=UTF-8 -Dsun.stderr.encoding=UTF-8 com.streampay.payment.PaymentServiceApplication

Host: AMD Ryzen 5 5600H with Radeon Graphics         , 12 cores, 5G,  Windows 11 , 64 bit Build 26100 (10.0.26100.9168)
Time: Wed Sep  9 22:14:47 2026 India Standard Time elapsed time: 9.285309 seconds (0d 0h 0m 9s)

---------------  T H R E A D  ---------------

Current thread (0x000001d82cc6b8d0):  JavaThread "C2 CompilerThread0" daemon [_thread_in_native, id=30052, stack(0x000000896d900000,0x000000896da00000)]


Current CompileTask:
C2:   9285 4558       4       org.springframework.core.annotation.TypeMappedAnnotations::get (52 bytes)

Stack: [0x000000896d900000,0x000000896da00000]
Native frames: (J=compiled Java code, j=interpreted, Vv=VM code, C=native code)
V  [jvm.dll+0x6bb95a]
V  [jvm.dll+0x8483aa]
V  [jvm.dll+0x849fa5]
V  [jvm.dll+0x84a6a3]
V  [jvm.dll+0x280b0f]
V  [jvm.dll+0xc2b11]
V  [jvm.dll+0xc2e35]
V  [jvm.dll+0x3bb17c]
V  [jvm.dll+0x3857f5]
V  [jvm.dll+0x384c6a]
V  [jvm.dll+0x24b259]
V  [jvm.dll+0x24a651]
V  [jvm.dll+0x1ce491]
V  [jvm.dll+0x259e1b]
V  [jvm.dll+0x2584f0]
V  [jvm.dll+0x3f2895]
V  [jvm.dll+0x7f4906]
V  [jvm.dll+0x6ba5cb]
C  [ucrtbase.dll+0x2cd30]
C  [KERNEL32.DLL+0x2ccb7]
C  [ntdll.dll+0xaad6c]


---------------  P R O C E S S  ---------------

Threads class SMR info:
_java_thread_list=0x000001d83441fbb0, length=18, elements={
0x000001d80ec1e250, 0x000001d82cc52d40, 0x000001d82cc54890, 0x000001d82cc5ae80,
0x000001d82cc5d8d0, 0x000001d82cc5e210, 0x000001d82cc5f090, 0x000001d82cc6b8d0,
0x000001d82cc6c4b0, 0x000001d82cc20b50, 0x000001d8313a7960, 0x000001d831320200,
0x000001d831976500, 0x000001d8317bacb0, 0x000001d8317bd1e0, 0x000001d834a6e6a0,
0x000001d834a6ebf0, 0x000001d834a6f140
}

Java Threads: ( => current thread )
  0x000001d80ec1e250 JavaThread "main" [_thread_blocked, id=20336, stack(0x000000896cc00000,0x000000896cd00000)]
  0x000001d82cc52d40 JavaThread "Reference Handler" daemon [_thread_blocked, id=33092, stack(0x000000896d300000,0x000000896d400000)]
  0x000001d82cc54890 JavaThread "Finalizer" daemon [_thread_blocked, id=25940, stack(0x000000896d400000,0x000000896d500000)]
  0x000001d82cc5ae80 JavaThread "Signal Dispatcher" daemon [_thread_blocked, id=15744, stack(0x000000896d500000,0x000000896d600000)]
  0x000001d82cc5d8d0 JavaThread "Attach Listener" daemon [_thread_blocked, id=33128, stack(0x000000896d600000,0x000000896d700000)]
  0x000001d82cc5e210 JavaThread "Service Thread" daemon [_thread_blocked, id=16916, stack(0x000000896d700000,0x000000896d800000)]
  0x000001d82cc5f090 JavaThread "Monitor Deflation Thread" daemon [_thread_blocked, id=6784, stack(0x000000896d800000,0x000000896d900000)]
=>0x000001d82cc6b8d0 JavaThread "C2 CompilerThread0" daemon [_thread_in_native, id=30052, stack(0x000000896d900000,0x000000896da00000)]
  0x000001d82cc6c4b0 JavaThread "C1 CompilerThread0" daemon [_thread_blocked, id=24176, stack(0x000000896da00000,0x000000896db00000)]
  0x000001d82cc20b50 JavaThread "Common-Cleaner" daemon [_thread_blocked, id=32704, stack(0x000000896db00000,0x000000896dc00000)]
  0x000001d8313a7960 JavaThread "Monitor Ctrl-Break" daemon [_thread_in_native, id=23624, stack(0x000000896dc00000,0x000000896dd00000)]
  0x000001d831320200 JavaThread "Notification Thread" daemon [_thread_blocked, id=31384, stack(0x000000896dd00000,0x000000896de00000)]
  0x000001d831976500 JavaThread "C2 CompilerThread1" daemon [_thread_in_native, id=23316, stack(0x000000896df00000,0x000000896e000000)]
  0x000001d8317bacb0 JavaThread "Thread-0" [_thread_blocked, id=29816, stack(0x000000896e000000,0x000000896e100000)]
  0x000001d8317bd1e0 JavaThread "restartedMain" [_thread_in_vm, id=32412, stack(0x000000896e100000,0x000000896e200000)]
  0x000001d834a6e6a0 JavaThread "Catalina-utility-1" [_thread_blocked, id=19188, stack(0x000000896e700000,0x000000896e800000)]
  0x000001d834a6ebf0 JavaThread "Catalina-utility-2" [_thread_blocked, id=6788, stack(0x000000896ee00000,0x000000896ef00000)]
  0x000001d834a6f140 JavaThread "container-0" [_thread_blocked, id=31588, stack(0x000000896ef00000,0x000000896f000000)]

Other Threads:
  0x000001d82cc34830 VMThread "VM Thread" [stack: 0x000000896d200000,0x000000896d300000] [id=17264]
  0x000001d8313a82b0 WatcherThread "VM Periodic Task Thread" [stack: 0x000000896de00000,0x000000896df00000] [id=33204]
  0x000001d80ec6ece0 WorkerThread "GC Thread#0" [stack: 0x000000896cd00000,0x000000896ce00000] [id=428]
  0x000001d831d0feb0 WorkerThread "GC Thread#1" [stack: 0x000000896e200000,0x000000896e300000] [id=520]
  0x000001d831d0eb00 WorkerThread "GC Thread#2" [stack: 0x000000896e300000,0x000000896e400000] [id=20976]
  0x000001d831d0e560 WorkerThread "GC Thread#3" [stack: 0x000000896e400000,0x000000896e500000] [id=27656]
  0x000001d831d10180 WorkerThread "GC Thread#4" [stack: 0x000000896e500000,0x000000896e600000] [id=20720]
  0x000001d831d0e830 WorkerThread "GC Thread#5" [stack: 0x000000896e600000,0x000000896e700000] [id=27752]
  0x000001d831d0f910 WorkerThread "GC Thread#6" [stack: 0x000000896e800000,0x000000896e900000] [id=23616]
  0x000001d831d0fbe0 WorkerThread "GC Thread#7" [stack: 0x000000896e900000,0x000000896ea00000] [id=31484]
  0x000001d83209f850 WorkerThread "GC Thread#8" [stack: 0x000000896ea00000,0x000000896eb00000] [id=21784]
  0x000001d83209df00 WorkerThread "GC Thread#9" [stack: 0x000000896eb00000,0x000000896ec00000] [id=7892]
  0x000001d80ec7c660 ConcurrentGCThread "G1 Main Marker" [stack: 0x000000896ce00000,0x000000896cf00000] [id=23156]
  0x000001d80ec7d830 WorkerThread "G1 Conc#0" [stack: 0x000000896cf00000,0x000000896d000000] [id=15932]
  0x000001d83209ea40 WorkerThread "G1 Conc#1" [stack: 0x000000896ec00000,0x000000896ed00000] [id=30736]
  0x000001d83209ed10 WorkerThread "G1 Conc#2" [stack: 0x000000896ed00000,0x000000896ee00000] [id=33244]
  0x000001d82cae74f0 ConcurrentGCThread "G1 Refine#0" [stack: 0x000000896d000000,0x000000896d100000] [id=15544]
  0x000001d82cae7c40 ConcurrentGCThread "G1 Service" [stack: 0x000000896d100000,0x000000896d200000] [id=16744]

Threads with active compile tasks:
C2 CompilerThread0     9341 4558       4       org.springframework.core.annotation.TypeMappedAnnotations::get (52 bytes)
C2 CompilerThread1     9341 4543       4       org.springframework.core.annotation.AnnotationsScanner::scan (21 bytes)

VM state: not at safepoint (normal execution)

VM Mutex/Monitor currently owned by a thread: None

Heap address: 0x00000000a2400000, size: 1500 MB, Compressed Oops mode: 32-bit

CDS archive(s) mapped at: [0x0000000800000000-0x0000000800c60000-0x0000000800c60000), size 12976128, SharedBaseAddress: 0x0000000800000000, ArchiveRelocationMode: 0.
Compressed class space mapped at: 0x0000000801000000-0x0000000841000000, reserved size: 1073741824
Narrow klass base: 0x0000000800000000, Narrow klass shift: 0, Narrow klass range: 0x100000000

GC Precious Log:
 CardTable entry size: 512
 Card Set container configuration: InlinePtr #cards 5 size 8 Array Of Cards #cards 12 size 40 Howl #buckets 4 coarsen threshold 1843 Howl Bitmap #cards 512 size 80 coarsen threshold 460 Card regions per heap region 1 cards per card region 2048
 CPUs: 12 total, 12 available
 Memory: 5996M
 Large Page Support: Disabled
 NUMA Support: Disabled
 Compressed Oops: Enabled (32-bit)
 Heap Region Size: 1M
 Heap Min Capacity: 8M
 Heap Initial Capacity: 94M
 Heap Max Capacity: 1500M
 Pre-touch: Disabled
 Parallel Workers: 10
 Concurrent Workers: 3
 Concurrent Refinement Workers: 10
 Periodic GC: Disabled

Heap:
 garbage-first heap   total 72704K, used 46755K [0x00000000a2400000, 0x0000000100000000)
  region size 1024K, 29 young (29696K), 4 survivors (4096K)
 Metaspace       used 35536K, committed 36096K, reserved 1114112K
  class space    used 4603K, committed 4864K, reserved 1048576K

Heap Regions: E=young(eden), S=young(survivor), O=old, HS=humongous(starts), HC=humongous(continues), CS=collection set, F=free, OA=open archive, CA=closed archive, TAMS=top-at-mark-start, PB=parsable bottom
|   0|0x00000000a2400000, 0x00000000a2500000, 0x00000000a2500000|100%|HS|  |TAMS 0x00000000a2400000| PB 0x00000000a2400000| Complete 
|   1|0x00000000a2500000, 0x00000000a2600000, 0x00000000a2600000|100%|HS|  |TAMS 0x00000000a2500000| PB 0x00000000a2500000| Complete 
|   2|0x00000000a2600000, 0x00000000a2600000, 0x00000000a2700000|  0%| F|  |TAMS 0x00000000a2600000| PB 0x00000000a2600000| Untracked 
|   3|0x00000000a2700000, 0x00000000a2800000, 0x00000000a2800000|100%| O|  |TAMS 0x00000000a2700000| PB 0x00000000a2700000| Untracked 
|   4|0x00000000a2800000, 0x00000000a2900000, 0x00000000a2900000|100%| O|  |TAMS 0x00000000a2800000| PB 0x00000000a2800000| Untracked 
|   5|0x00000000a2900000, 0x00000000a2a00000, 0x00000000a2a00000|100%| O|  |TAMS 0x00000000a2900000| PB 0x00000000a2900000| Untracked 
|   6|0x00000000a2a00000, 0x00000000a2b00000, 0x00000000a2b00000|100%| O|  |TAMS 0x00000000a2a00000| PB 0x00000000a2a00000| Untracked 
|   7|0x00000000a2b00000, 0x00000000a2c00000, 0x00000000a2c00000|100%| O|  |TAMS 0x00000000a2b00000| PB 0x00000000a2b00000| Untracked 
|   8|0x00000000a2c00000, 0x00000000a2d00000, 0x00000000a2d00000|100%| O|  |TAMS 0x00000000a2c00000| PB 0x00000000a2c00000| Untracked 
|   9|0x00000000a2d00000, 0x00000000a2e00000, 0x00000000a2e00000|100%| O|  |TAMS 0x00000000a2d00000| PB 0x00000000a2d00000| Untracked 
|  10|0x00000000a2e00000, 0x00000000a2f00000, 0x00000000a2f00000|100%| O|  |TAMS 0x00000000a2e00000| PB 0x00000000a2e00000| Untracked 
|  11|0x00000000a2f00000, 0x00000000a3000000, 0x00000000a3000000|100%| O|  |TAMS 0x00000000a2f00000| PB 0x00000000a2f00000| Untracked 
|  12|0x00000000a3000000, 0x00000000a30fbe00, 0x00000000a3100000| 98%| O|  |TAMS 0x00000000a3000000| PB 0x00000000a3000000| Untracked 
|  13|0x00000000a3100000, 0x00000000a3100000, 0x00000000a3200000|  0%| F|  |TAMS 0x00000000a3100000| PB 0x00000000a3100000| Untracked 
|  14|0x00000000a3200000, 0x00000000a3200000, 0x00000000a3300000|  0%| F|  |TAMS 0x00000000a3200000| PB 0x00000000a3200000| Untracked 
|  15|0x00000000a3300000, 0x00000000a3300000, 0x00000000a3400000|  0%| F|  |TAMS 0x00000000a3300000| PB 0x00000000a3300000| Untracked 
|  16|0x00000000a3400000, 0x00000000a3400000, 0x00000000a3500000|  0%| F|  |TAMS 0x00000000a3400000| PB 0x00000000a3400000| Untracked 
|  17|0x00000000a3500000, 0x00000000a3500000, 0x00000000a3600000|  0%| F|  |TAMS 0x00000000a3500000| PB 0x00000000a3500000| Untracked 
|  18|0x00000000a3600000, 0x00000000a3600000, 0x00000000a3700000|  0%| F|  |TAMS 0x00000000a3600000| PB 0x00000000a3600000| Untracked 
|  19|0x00000000a3700000, 0x00000000a3700000, 0x00000000a3800000|  0%| F|  |TAMS 0x00000000a3700000| PB 0x00000000a3700000| Untracked 
|  20|0x00000000a3800000, 0x00000000a38ad098, 0x00000000a3900000| 67%| E|CS|TAMS 0x00000000a3800000| PB 0x00000000a3800000| Complete 
|  21|0x00000000a3900000, 0x00000000a3a00000, 0x00000000a3a00000|100%| E|CS|TAMS 0x00000000a3900000| PB 0x00000000a3900000| Complete 
|  22|0x00000000a3a00000, 0x00000000a3b00000, 0x00000000a3b00000|100%| E|CS|TAMS 0x00000000a3b00000| PB 0x00000000a3a00000| Complete 
|  23|0x00000000a3b00000, 0x00000000a3c00000, 0x00000000a3c00000|100%| E|CS|TAMS 0x00000000a3c00000| PB 0x00000000a3b00000| Complete 
|  24|0x00000000a3c00000, 0x00000000a3c00000, 0x00000000a3d00000|  0%| F|  |TAMS 0x00000000a3c00000| PB 0x00000000a3c00000| Untracked 
|  25|0x00000000a3d00000, 0x00000000a3d00000, 0x00000000a3e00000|  0%| F|  |TAMS 0x00000000a3d00000| PB 0x00000000a3d00000| Untracked 
|  26|0x00000000a3e00000, 0x00000000a3e00000, 0x00000000a3f00000|  0%| F|  |TAMS 0x00000000a3e00000| PB 0x00000000a3e00000| Untracked 
|  27|0x00000000a3f00000, 0x00000000a3f00000, 0x00000000a4000000|  0%| F|  |TAMS 0x00000000a3f00000| PB 0x00000000a3f00000| Untracked 
|  28|0x00000000a4000000, 0x00000000a4000000, 0x00000000a4100000|  0%| F|  |TAMS 0x00000000a4000000| PB 0x00000000a4000000| Untracked 
|  29|0x00000000a4100000, 0x00000000a4100000, 0x00000000a4200000|  0%| F|  |TAMS 0x00000000a4100000| PB 0x00000000a4100000| Untracked 
|  30|0x00000000a4200000, 0x00000000a4200000, 0x00000000a4300000|  0%| F|  |TAMS 0x00000000a4200000| PB 0x00000000a4200000| Untracked 
|  31|0x00000000a4300000, 0x00000000a4300000, 0x00000000a4400000|  0%| F|  |TAMS 0x00000000a4300000| PB 0x00000000a4300000| Untracked 
|  32|0x00000000a4400000, 0x00000000a4400000, 0x00000000a4500000|  0%| F|  |TAMS 0x00000000a4400000| PB 0x00000000a4400000| Untracked 
|  33|0x00000000a4500000, 0x00000000a4500000, 0x00000000a4600000|  0%| F|  |TAMS 0x00000000a4500000| PB 0x00000000a4500000| Untracked 
|  34|0x00000000a4600000, 0x00000000a4600000, 0x00000000a4700000|  0%| F|  |TAMS 0x00000000a4600000| PB 0x00000000a4600000| Untracked 
|  35|0x00000000a4700000, 0x00000000a4700000, 0x00000000a4800000|  0%| F|  |TAMS 0x00000000a4700000| PB 0x00000000a4700000| Untracked 
|  36|0x00000000a4800000, 0x00000000a4800000, 0x00000000a4900000|  0%| F|  |TAMS 0x00000000a4800000| PB 0x00000000a4800000| Untracked 
|  37|0x00000000a4900000, 0x00000000a4900000, 0x00000000a4a00000|  0%| F|  |TAMS 0x00000000a4900000| PB 0x00000000a4900000| Untracked 
|  38|0x00000000a4a00000, 0x00000000a4a00000, 0x00000000a4b00000|  0%| F|  |TAMS 0x00000000a4a00000| PB 0x00000000a4a00000| Untracked 
|  39|0x00000000a4b00000, 0x00000000a4bc2900, 0x00000000a4c00000| 76%| S|  |TAMS 0x00000000a4b00000| PB 0x00000000a4b00000| Complete 
|  40|0x00000000a4c00000, 0x00000000a4d00000, 0x00000000a4d00000|100%| E|CS|TAMS 0x00000000a4d00000| PB 0x00000000a4c00000| Complete 
|  41|0x00000000a4d00000, 0x00000000a4e00000, 0x00000000a4e00000|100%| E|CS|TAMS 0x00000000a4e00000| PB 0x00000000a4d00000| Complete 
|  42|0x00000000a4e00000, 0x00000000a4f00000, 0x00000000a4f00000|100%| E|CS|TAMS 0x00000000a4f00000| PB 0x00000000a4e00000| Complete 
|  43|0x00000000a4f00000, 0x00000000a5000000, 0x00000000a5000000|100%| E|CS|TAMS 0x00000000a5000000| PB 0x00000000a4f00000| Complete 
|  44|0x00000000a5000000, 0x00000000a5100000, 0x00000000a5100000|100%| E|CS|TAMS 0x00000000a5100000| PB 0x00000000a5000000| Complete 
|  45|0x00000000a5100000, 0x00000000a5200000, 0x00000000a5200000|100%| E|CS|TAMS 0x00000000a5200000| PB 0x00000000a5100000| Complete 
|  46|0x00000000a5200000, 0x00000000a5300000, 0x00000000a5300000|100%| E|CS|TAMS 0x00000000a5300000| PB 0x00000000a5200000| Complete 
|  47|0x00000000a5300000, 0x00000000a5400000, 0x00000000a5400000|100%| E|CS|TAMS 0x00000000a5400000| PB 0x00000000a5300000| Complete 
|  48|0x00000000a5400000, 0x00000000a5500000, 0x00000000a5500000|100%| E|CS|TAMS 0x00000000a5500000| PB 0x00000000a5400000| Complete 
|  49|0x00000000a5500000, 0x00000000a5600000, 0x00000000a5600000|100%| E|CS|TAMS 0x00000000a5600000| PB 0x00000000a5500000| Complete 
|  50|0x00000000a5600000, 0x00000000a5700000, 0x00000000a5700000|100%| E|CS|TAMS 0x00000000a5700000| PB 0x00000000a5600000| Complete 
|  51|0x00000000a5700000, 0x00000000a5800000, 0x00000000a5800000|100%| E|CS|TAMS 0x00000000a5800000| PB 0x00000000a5700000| Complete 
|  52|0x00000000a5800000, 0x00000000a5900000, 0x00000000a5900000|100%| E|CS|TAMS 0x00000000a5900000| PB 0x00000000a5800000| Complete 
|  53|0x00000000a5900000, 0x00000000a5a00000, 0x00000000a5a00000|100%| E|CS|TAMS 0x00000000a5a00000| PB 0x00000000a5900000| Complete 
|  54|0x00000000a5a00000, 0x00000000a5b00000, 0x00000000a5b00000|100%| E|CS|TAMS 0x00000000a5b00000| PB 0x00000000a5a00000| Complete 
|  55|0x00000000a5b00000, 0x00000000a5c00000, 0x00000000a5c00000|100%| E|CS|TAMS 0x00000000a5c00000| PB 0x00000000a5b00000| Complete 
|  56|0x00000000a5c00000, 0x00000000a5d00000, 0x00000000a5d00000|100%| E|CS|TAMS 0x00000000a5d00000| PB 0x00000000a5c00000| Complete 
|  57|0x00000000a5d00000, 0x00000000a5e00000, 0x00000000a5e00000|100%| E|CS|TAMS 0x00000000a5e00000| PB 0x00000000a5d00000| Complete 
|  58|0x00000000a5e00000, 0x00000000a5f00000, 0x00000000a5f00000|100%| E|CS|TAMS 0x00000000a5f00000| PB 0x00000000a5e00000| Complete 
|  59|0x00000000a5f00000, 0x00000000a6000000, 0x00000000a6000000|100%| E|CS|TAMS 0x00000000a6000000| PB 0x00000000a5f00000| Complete 
|  60|0x00000000a6000000, 0x00000000a6100000, 0x00000000a6100000|100%| E|CS|TAMS 0x00000000a6100000| PB 0x00000000a6000000| Complete 
|  61|0x00000000a6100000, 0x00000000a6200000, 0x00000000a6200000|100%| E|CS|TAMS 0x00000000a6200000| PB 0x00000000a6100000| Complete 
|  62|0x00000000a6200000, 0x00000000a6300000, 0x00000000a6300000|100%| E|CS|TAMS 0x00000000a6300000| PB 0x00000000a6200000| Complete 
|  92|0x00000000a8000000, 0x00000000a8100000, 0x00000000a8100000|100%| E|CS|TAMS 0x00000000a8100000| PB 0x00000000a8000000| Complete 
|  93|0x00000000a8100000, 0x00000000a8200000, 0x00000000a8200000|100%| E|CS|TAMS 0x00000000a8200000| PB 0x00000000a8100000| Complete 
|1494|0x00000000ffa00000, 0x00000000ffb00000, 0x00000000ffb00000|100%| O|  |TAMS 0x00000000ffb00000| PB 0x00000000ffa00000| Untracked 
|1495|0x00000000ffb00000, 0x00000000ffc00000, 0x00000000ffc00000|100%| O|  |TAMS 0x00000000ffc00000| PB 0x00000000ffb00000| Untracked 
|1496|0x00000000ffc00000, 0x00000000ffd00000, 0x00000000ffd00000|100%| O|  |TAMS 0x00000000ffd00000| PB 0x00000000ffc00000| Untracked 
|1497|0x00000000ffd00000, 0x00000000ffe00000, 0x00000000ffe00000|100%| O|  |TAMS 0x00000000ffe00000| PB 0x00000000ffd00000| Untracked 
|1498|0x00000000ffe00000, 0x00000000fff00000, 0x00000000fff00000|100%| O|  |TAMS 0x00000000fff00000| PB 0x00000000ffe00000| Untracked 
|1499|0x00000000fff00000, 0x0000000100000000, 0x0000000100000000|100%| O|  |TAMS 0x0000000100000000| PB 0x00000000fff00000| Untracked 

Card table byte_map: [0x000001d828240000,0x000001d828530000] _byte_map_base: 0x000001d827d2e000

Marking Bits: (CMBitMap*) 0x000001d80ec6f310
 Bits: [0x000001d828820000, 0x000001d829f90000)

Polling page: 0x000001d80e930000

Metaspace:

Usage:
  Non-class:     30.24 MB used.
      Class:      4.50 MB used.
       Both:     34.73 MB used.

Virtual space:
  Non-class space:       64.00 MB reserved,      30.50 MB ( 48%) committed,  1 nodes.
      Class space:        1.00 GB reserved,       4.75 MB ( <1%) committed,  1 nodes.
             Both:        1.06 GB reserved,      35.25 MB (  3%) committed. 

Chunk freelists:
   Non-Class:  1.14 MB
       Class:  3.23 MB
        Both:  4.37 MB

MaxMetaspaceSize: unlimited
CompressedClassSpaceSize: 1.00 GB
Initial GC threshold: 21.00 MB
Current GC threshold: 35.25 MB
CDS: on
MetaspaceReclaimPolicy: balanced
 - commit_granule_bytes: 65536.
 - commit_granule_words: 8192.
 - virtual_space_node_default_size: 8388608.
 - enlarge_chunks_in_place: 1.
 - new_chunks_are_fully_committed: 0.
 - uncommit_free_chunks: 1.
 - use_allocation_guard: 0.


Internal statistics:

num_allocs_failed_limit: 6.
num_arena_births: 706.
num_arena_deaths: 0.
num_vsnodes_births: 2.
num_vsnodes_deaths: 0.
num_space_committed: 564.
num_space_uncommitted: 0.
num_chunks_returned_to_freelist: 6.
num_chunks_taken_from_freelist: 2043.
num_chunk_merges: 0.
num_chunk_splits: 1362.
num_chunks_enlarged: 981.
num_inconsistent_stats: 0.

CodeHeap 'non-profiled nmethods': size=120000Kb used=2459Kb max_used=2459Kb free=117540Kb
 bounds [0x000001d81fda0000, 0x000001d820010000, 0x000001d8272d0000]
CodeHeap 'profiled nmethods': size=120000Kb used=10245Kb max_used=10245Kb free=109754Kb
 bounds [0x000001d8182d0000, 0x000001d818ce0000, 0x000001d81f800000]
CodeHeap 'non-nmethods': size=5760Kb used=1531Kb max_used=1569Kb free=4228Kb
 bounds [0x000001d81f800000, 0x000001d81fa70000, 0x000001d81fda0000]
 total_blobs=5198 nmethods=4649 adapters=459
 compilation: enabled
              stopped_count=0, restarted_count=0
 full_count=0

Compilation events (20 events):
Event: 8.193 Thread 0x000001d82cc6c4b0 4645   !   2       jdk.proxy2.$Proxy40::annotationType (29 bytes)
Event: 8.193 Thread 0x000001d82cc6c4b0 nmethod 4645 0x000001d818cc8610 code [0x000001d818cc87c0, 0x000001d818cc8a40]
Event: 8.200 Thread 0x000001d82cc6c4b0 4647   !   2       jdk.proxy2.$Proxy51::annotationType (29 bytes)
Event: 8.200 Thread 0x000001d82cc6c4b0 nmethod 4647 0x000001d818cc8b90 code [0x000001d818cc8d40, 0x000001d818cc8fc0]
Event: 8.200 Thread 0x000001d82cc6c4b0 4648   !   2       jdk.proxy2.$Proxy48::annotationType (29 bytes)
Event: 8.201 Thread 0x000001d82cc6c4b0 nmethod 4648 0x000001d818cc9110 code [0x000001d818cc92c0, 0x000001d818cc9540]
Event: 8.231 Thread 0x000001d82cc6c4b0 4649       2       org.springframework.beans.AbstractNestablePropertyAccessor::getWrappedClass (8 bytes)
Event: 8.231 Thread 0x000001d82cc6c4b0 nmethod 4649 0x000001d818cc9690 code [0x000001d818cc9820, 0x000001d818cc9a18]
Event: 8.239 Thread 0x000001d82cc6c4b0 4650       2       org.springframework.beans.factory.annotation.InjectionMetadata::<init> (15 bytes)
Event: 8.239 Thread 0x000001d82cc6c4b0 nmethod 4650 0x000001d818cc9b90 code [0x000001d818cc9d20, 0x000001d818cc9ee0]
Event: 8.242 Thread 0x000001d82cc6c4b0 4653       2       org.springframework.beans.factory.annotation.InjectionMetadata::checkConfigMembers (105 bytes)
Event: 8.243 Thread 0x000001d82cc6c4b0 nmethod 4653 0x000001d818cc9f90 code [0x000001d818cca1e0, 0x000001d818cca730]
Event: 8.243 Thread 0x000001d82cc6c4b0 4652       2       org.springframework.beans.factory.annotation.InjectionMetadata::forElements (33 bytes)
Event: 8.243 Thread 0x000001d82cc6c4b0 nmethod 4652 0x000001d818ccaa10 code [0x000001d818ccabc0, 0x000001d818ccaf50]
Event: 8.243 Thread 0x000001d82cc6c4b0 4654   !   2       jdk.proxy2.$Proxy49::annotationType (29 bytes)
Event: 8.243 Thread 0x000001d82cc6c4b0 nmethod 4654 0x000001d818ccb010 code [0x000001d818ccb1c0, 0x000001d818ccb440]
Event: 8.243 Thread 0x000001d82cc6c4b0 4656   !   2       org.springframework.beans.factory.annotation.InitDestroyAnnotationBeanPostProcessor::findLifecycleMetadata (87 bytes)
Event: 8.244 Thread 0x000001d82cc6c4b0 nmethod 4656 0x000001d818ccb590 code [0x000001d818ccb760, 0x000001d818ccbb20]
Event: 8.256 Thread 0x000001d82cc6c4b0 4657       2       java.lang.invoke.DirectMethodHandle$Holder::invokeStatic (22 bytes)
Event: 8.257 Thread 0x000001d82cc6c4b0 nmethod 4657 0x000001d818ccbd10 code [0x000001d818ccbea0, 0x000001d818ccc008]

GC Heap History (10 events):
Event: 1.426 GC heap before
{Heap before GC invocations=0 (full 0):
 garbage-first heap   total 96256K, used 24576K [0x00000000a2400000, 0x0000000100000000)
  region size 1024K, 23 young (23552K), 0 survivors (0K)
 Metaspace       used 4701K, committed 4928K, reserved 1114112K
  class space    used 529K, committed 640K, reserved 1048576K
}
Event: 1.434 GC heap after
{Heap after GC invocations=1 (full 0):
 garbage-first heap   total 96256K, used 9269K [0x00000000a2400000, 0x0000000100000000)
  region size 1024K, 3 young (3072K), 3 survivors (3072K)
 Metaspace       used 4701K, committed 4928K, reserved 1114112K
  class space    used 529K, committed 640K, reserved 1048576K
}
Event: 2.504 GC heap before
{Heap before GC invocations=1 (full 0):
 garbage-first heap   total 96256K, used 37941K [0x00000000a2400000, 0x0000000100000000)
  region size 1024K, 31 young (31744K), 3 survivors (3072K)
 Metaspace       used 12116K, committed 12480K, reserved 1114112K
  class space    used 1573K, committed 1728K, reserved 1048576K
}
Event: 2.512 GC heap after
{Heap after GC invocations=2 (full 0):
 garbage-first heap   total 96256K, used 11640K [0x00000000a2400000, 0x0000000100000000)
  region size 1024K, 3 young (3072K), 3 survivors (3072K)
 Metaspace       used 12116K, committed 12480K, reserved 1114112K
  class space    used 1573K, committed 1728K, reserved 1048576K
}
Event: 4.610 GC heap before
{Heap before GC invocations=2 (full 0):
 garbage-first heap   total 96256K, used 52600K [0x00000000a2400000, 0x0000000100000000)
  region size 1024K, 45 young (46080K), 3 survivors (3072K)
 Metaspace       used 21190K, committed 21504K, reserved 1114112K
  class space    used 2668K, committed 2816K, reserved 1048576K
}
Event: 4.618 GC heap after
{Heap after GC invocations=3 (full 0):
 garbage-first heap   total 96256K, used 15756K [0x00000000a2400000, 0x0000000100000000)
  region size 1024K, 7 young (7168K), 7 survivors (7168K)
 Metaspace       used 21190K, committed 21504K, reserved 1114112K
  class space    used 2668K, committed 2816K, reserved 1048576K
}
Event: 6.014 GC heap before
{Heap before GC invocations=4 (full 0):
 garbage-first heap   total 61440K, used 60812K [0x00000000a2400000, 0x0000000100000000)
  region size 1024K, 51 young (52224K), 7 survivors (7168K)
 Metaspace       used 25670K, committed 26112K, reserved 1114112K
  class space    used 3240K, committed 3456K, reserved 1048576K
}
Event: 6.024 GC heap after
{Heap after GC invocations=5 (full 0):
 garbage-first heap   total 72704K, used 18996K [0x00000000a2400000, 0x0000000100000000)
  region size 1024K, 5 young (5120K), 5 survivors (5120K)
 Metaspace       used 25670K, committed 26112K, reserved 1114112K
  class space    used 3240K, committed 3456K, reserved 1048576K
}
Event: 7.359 GC heap before
{Heap before GC invocations=5 (full 0):
 garbage-first heap   total 72704K, used 55860K [0x00000000a2400000, 0x0000000100000000)
  region size 1024K, 41 young (41984K), 5 survivors (5120K)
 Metaspace       used 31517K, committed 32064K, reserved 1114112K
  class space    used 4104K, committed 4352K, reserved 1048576K
}
Event: 7.367 GC heap after
{Heap after GC invocations=6 (full 0):
 garbage-first heap   total 72704K, used 22179K [0x00000000a2400000, 0x0000000100000000)
  region size 1024K, 4 young (4096K), 4 survivors (4096K)
 Metaspace       used 31517K, committed 32064K, reserved 1114112K
  class space    used 4104K, committed 4352K, reserved 1048576K
}

Dll operation events (13 events):
Event: 0.021 Loaded shared library C:\Program Files\Java\jdk-20\bin\java.dll
Event: 0.038 Loaded shared library C:\Program Files\Java\jdk-20\bin\jsvml.dll
Event: 0.232 Loaded shared library C:\Program Files\Java\jdk-20\bin\zip.dll
Event: 0.240 Loaded shared library C:\Program Files\Java\jdk-20\bin\instrument.dll
Event: 0.254 Loaded shared library C:\Program Files\Java\jdk-20\bin\net.dll
Event: 0.259 Loaded shared library C:\Program Files\Java\jdk-20\bin\nio.dll
Event: 0.266 Loaded shared library C:\Program Files\Java\jdk-20\bin\zip.dll
Event: 0.553 Loaded shared library C:\Program Files\JetBrains\IntelliJ IDEA Community Edition 2023.1\bin\breakgen64.dll
Event: 0.569 Loaded shared library C:\Program Files\Java\jdk-20\bin\extnet.dll
Event: 0.652 Loaded shared library C:\Program Files\Java\jdk-20\bin\jimage.dll
Event: 1.220 Loaded shared library C:\Program Files\Java\jdk-20\bin\management.dll
Event: 1.232 Loaded shared library C:\Program Files\Java\jdk-20\bin\management_ext.dll
Event: 4.654 Loaded shared library C:\Program Files\Java\jdk-20\bin\sunmscapi.dll

Deoptimization events (20 events):
Event: 8.080 Thread 0x000001d8317bd1e0 Uncommon trap: trap_request=0xffffffde fr.pc=0x000001d81ff56ec0 relative=0x0000000000003dc0
Event: 8.080 Thread 0x000001d8317bd1e0 Uncommon trap: reason=class_check action=maybe_recompile pc=0x000001d81ff56ec0 method=org.springframework.core.ResolvableType.resolveType()Lorg/springframework/core/ResolvableType; @ 94 c2
Event: 8.080 Thread 0x000001d8317bd1e0 DEOPT PACKING pc=0x000001d81ff56ec0 sp=0x000000896e1f9f40
Event: 8.080 Thread 0x000001d8317bd1e0 DEOPT UNPACKING pc=0x000001d81f869d22 sp=0x000000896e1f9f58 mode 2
Event: 8.081 Thread 0x000001d8317bd1e0 Uncommon trap: trap_request=0xffffffde fr.pc=0x000001d81ff56ec0 relative=0x0000000000003dc0
Event: 8.081 Thread 0x000001d8317bd1e0 Uncommon trap: reason=class_check action=maybe_recompile pc=0x000001d81ff56ec0 method=org.springframework.core.ResolvableType.resolveType()Lorg/springframework/core/ResolvableType; @ 94 c2
Event: 8.081 Thread 0x000001d8317bd1e0 DEOPT PACKING pc=0x000001d81ff56ec0 sp=0x000000896e1f9f40
Event: 8.081 Thread 0x000001d8317bd1e0 DEOPT UNPACKING pc=0x000001d81f869d22 sp=0x000000896e1f9f58 mode 2
Event: 8.081 Thread 0x000001d8317bd1e0 Uncommon trap: trap_request=0xffffff45 fr.pc=0x000001d81ff4afa8 relative=0x0000000000001628
Event: 8.081 Thread 0x000001d8317bd1e0 Uncommon trap: reason=unstable_if action=reinterpret pc=0x000001d81ff4afa8 method=org.springframework.util.ConcurrentReferenceHashMap$Segment.findInChain(Lorg/springframework/util/ConcurrentReferenceHashMap$Reference;Ljava/lang/Object;I)Lorg/springframewo
Event: 8.081 Thread 0x000001d8317bd1e0 DEOPT PACKING pc=0x000001d81ff4afa8 sp=0x000000896e1fa000
Event: 8.081 Thread 0x000001d8317bd1e0 DEOPT UNPACKING pc=0x000001d81f869d22 sp=0x000000896e1f9d60 mode 2
Event: 8.082 Thread 0x000001d8317bd1e0 Uncommon trap: trap_request=0xffffffde fr.pc=0x000001d81ff56ec0 relative=0x0000000000003dc0
Event: 8.082 Thread 0x000001d8317bd1e0 Uncommon trap: reason=class_check action=maybe_recompile pc=0x000001d81ff56ec0 method=org.springframework.core.ResolvableType.resolveType()Lorg/springframework/core/ResolvableType; @ 94 c2
Event: 8.082 Thread 0x000001d8317bd1e0 DEOPT PACKING pc=0x000001d81ff56ec0 sp=0x000000896e1f9e90
Event: 8.082 Thread 0x000001d8317bd1e0 DEOPT UNPACKING pc=0x000001d81f869d22 sp=0x000000896e1f9ea8 mode 2
Event: 8.237 Thread 0x000001d8317bd1e0 Uncommon trap: trap_request=0xffffff45 fr.pc=0x000001d81ff2a8ec relative=0x000000000000006c
Event: 8.237 Thread 0x000001d8317bd1e0 Uncommon trap: reason=unstable_if action=reinterpret pc=0x000001d81ff2a8ec method=java.lang.ClassLoader.createOrGetClassLoaderValueMap()Ljava/util/concurrent/ConcurrentHashMap; @ 6 c2
Event: 8.237 Thread 0x000001d8317bd1e0 DEOPT PACKING pc=0x000001d81ff2a8ec sp=0x000000896e1fc380
Event: 8.237 Thread 0x000001d8317bd1e0 DEOPT UNPACKING pc=0x000001d81f869d22 sp=0x000000896e1fc308 mode 2

Classes loaded (20 events):
Event: 8.064 Loading class java/util/stream/ReduceOps$1
Event: 8.064 Loading class java/util/stream/ReduceOps$1 done
Event: 8.064 Loading class java/util/stream/ReduceOps$1ReducingSink
Event: 8.064 Loading class java/util/stream/ReduceOps$1ReducingSink done
Event: 8.149 Loading class java/util/UUID$Holder
Event: 8.150 Loading class java/util/UUID$Holder done
Event: 8.215 Loading class java/util/LinkedList$LLSpliterator
Event: 8.215 Loading class java/util/LinkedList$LLSpliterator done
Event: 8.221 Loading class javax/crypto/SecretKey
Event: 8.221 Loading class javax/crypto/SecretKey done
Event: 8.228 Loading class javax/crypto/spec/SecretKeySpec
Event: 8.228 Loading class javax/crypto/spec/SecretKeySpec done
Event: 8.228 Loading class jdk/internal/access/JavaxCryptoSpecAccess
Event: 8.229 Loading class jdk/internal/access/JavaxCryptoSpecAccess done
Event: 8.252 Loading class java/util/stream/SortedOps$SizedRefSortingSink
Event: 8.252 Loading class java/util/stream/SortedOps$SizedRefSortingSink done
Event: 8.268 Loading class javax/net/ssl/SSLException
Event: 8.268 Loading class javax/net/ssl/SSLException done
Event: 8.268 Loading class java/io/EOFException
Event: 8.268 Loading class java/io/EOFException done

Classes unloaded (0 events):
No events

Classes redefined (0 events):
No events

Internal exceptions (20 events):
Event: 7.332 Thread 0x000001d8317bd1e0 Exception <a 'java/lang/NoSuchMethodError'{0x00000000a3c002d8}: 'void java.lang.invoke.DirectMethodHandle$Holder.invokeStatic(java.lang.Object, java.lang.Object, java.lang.Object, int, java.lang.Object)'> (0x00000000a3c002d8) 
thrown [s\open\src\hotspot\share\interpreter\linkResolver.cpp, line 773]
Event: 7.333 Thread 0x000001d8317bd1e0 Exception <a 'java/lang/NoSuchMethodError'{0x00000000a3c076e8}: 'java.lang.Object java.lang.invoke.DirectMethodHandle$Holder.newInvokeSpecial(java.lang.Object, java.lang.Object, java.lang.Object, int)'> (0x00000000a3c076e8) 
thrown [s\open\src\hotspot\share\interpreter\linkResolver.cpp, line 773]
Event: 7.333 Thread 0x000001d8317bd1e0 Exception <a 'java/lang/NoSuchMethodError'{0x00000000a3c0b4d8}: 'java.lang.Object java.lang.invoke.DirectMethodHandle$Holder.invokeSpecial(java.lang.Object, java.lang.Object, java.lang.Object, java.lang.Object, int)'> (0x00000000a3c0b4d8) 
thrown [s\open\src\hotspot\share\interpreter\linkResolver.cpp, line 773]
Event: 7.333 Thread 0x000001d8317bd1e0 Exception <a 'java/lang/NoSuchMethodError'{0x00000000a3c0e960}: 'java.lang.Object java.lang.invoke.Invokers$Holder.linkToTargetMethod(java.lang.Object, java.lang.Object, int, java.lang.Object)'> (0x00000000a3c0e960) 
thrown [s\open\src\hotspot\share\interpreter\linkResolver.cpp, line 773]
Event: 7.478 Thread 0x000001d8317bd1e0 Exception <a 'java/lang/NoSuchMethodError'{0x00000000a62f6048}: 'java.lang.Object java.lang.invoke.DirectMethodHandle$Holder.invokeStaticInit(java.lang.Object, int, int, int, int)'> (0x00000000a62f6048) 
thrown [s\open\src\hotspot\share\interpreter\linkResolver.cpp, line 773]
Event: 7.635 Thread 0x000001d8317bd1e0 Exception <a 'java/lang/NoSuchMethodError'{0x00000000a61c7e90}: 'java.lang.Object java.lang.invoke.DirectMethodHandle$Holder.invokeStaticInit(java.lang.Object, java.lang.Object, int, int, int, int)'> (0x00000000a61c7e90) 
thrown [s\open\src\hotspot\share\interpreter\linkResolver.cpp, line 773]
Event: 7.849 Thread 0x000001d8317bd1e0 Exception <a 'sun/nio/fs/WindowsException'{0x00000000a597b750}> (0x00000000a597b750) 
thrown [s\open\src\hotspot\share\prims\jni.cpp, line 519]
Event: 7.850 Thread 0x000001d8317bd1e0 Exception <a 'sun/nio/fs/WindowsException'{0x00000000a597beb0}> (0x00000000a597beb0) 
thrown [s\open\src\hotspot\share\prims\jni.cpp, line 519]
Event: 7.857 Thread 0x000001d8317bd1e0 Exception <a 'java/lang/NoSuchMethodError'{0x00000000a59998b0}: 'int java.lang.invoke.DirectMethodHandle$Holder.invokeVirtual(java.lang.Object, java.lang.Object, java.lang.Object, java.lang.Object)'> (0x00000000a59998b0) 
thrown [s\open\src\hotspot\share\interpreter\linkResolver.cpp, line 773]
Event: 7.857 Thread 0x000001d8317bd1e0 Exception <a 'java/lang/NoSuchMethodError'{0x00000000a599d130}: 'int java.lang.invoke.DelegatingMethodHandle$Holder.reinvoke_L(java.lang.Object, java.lang.Object, java.lang.Object, java.lang.Object)'> (0x00000000a599d130) 
thrown [s\open\src\hotspot\share\interpreter\linkResolver.cpp, line 773]
Event: 7.904 Thread 0x000001d8317bd1e0 Exception <a 'java/io/FileNotFoundException'{0x00000000a58acf70}> (0x00000000a58acf70) 
thrown [s\open\src\hotspot\share\prims\jni.cpp, line 519]
Event: 7.982 Thread 0x000001d8317bd1e0 Exception <a 'java/lang/NoSuchMethodError'{0x00000000a56ff390}: 'int java.lang.invoke.DirectMethodHandle$Holder.invokeInterface(java.lang.Object, java.lang.Object, java.lang.Object, java.lang.Object)'> (0x00000000a56ff390) 
thrown [s\open\src\hotspot\share\interpreter\linkResolver.cpp, line 773]
Event: 8.058 Thread 0x000001d8317bd1e0 Exception <a 'java/lang/NoSuchMethodError'{0x00000000a54e4510}: 'java.lang.Object java.lang.invoke.DirectMethodHandle$Holder.invokeStaticInit(java.lang.Object, java.lang.Object, java.lang.Object, java.lang.Object)'> (0x00000000a54e4510) 
thrown [s\open\src\hotspot\share\interpreter\linkResolver.cpp, line 773]
Event: 8.060 Thread 0x000001d8317bd1e0 Exception <a 'java/lang/IncompatibleClassChangeError'{0x00000000a54f4e80}: Found class java.lang.Object, but interface was expected> (0x00000000a54f4e80) 
thrown [s\open\src\hotspot\share\interpreter\linkResolver.cpp, line 840]
Event: 8.062 Thread 0x000001d8317bd1e0 Exception <a 'java/lang/IncompatibleClassChangeError'{0x00000000a5302450}: Found class java.lang.Object, but interface was expected> (0x00000000a5302450) 
thrown [s\open\src\hotspot\share\interpreter\linkResolver.cpp, line 840]
Event: 8.068 Thread 0x000001d8317bd1e0 Exception <a 'java/lang/IncompatibleClassChangeError'{0x00000000a532fbc0}: Found class java.lang.Object, but interface was expected> (0x00000000a532fbc0) 
thrown [s\open\src\hotspot\share\interpreter\linkResolver.cpp, line 840]
Event: 8.121 Thread 0x000001d8317bd1e0 Exception <a 'java/lang/NoSuchMethodError'{0x00000000a52757c8}: 'java.lang.Object java.lang.invoke.DirectMethodHandle$Holder.invokeStatic(java.lang.Object, java.lang.Object, java.lang.Object, java.lang.Object, int, java.lang.Object)'> (0x00000000a52757c8) 
thrown [s\open\src\hotspot\share\interpreter\linkResolver.cpp, line 773]
Event: 8.122 Thread 0x000001d8317bd1e0 Exception <a 'java/lang/NoSuchMethodError'{0x00000000a527d858}: 'java.lang.Object java.lang.invoke.DirectMethodHandle$Holder.newInvokeSpecial(java.lang.Object, java.lang.Object, java.lang.Object, java.lang.Object, int)'> (0x00000000a527d858) 
thrown [s\open\src\hotspot\share\interpreter\linkResolver.cpp, line 773]
Event: 8.122 Thread 0x000001d8317bd1e0 Exception <a 'java/lang/NoSuchMethodError'{0x00000000a5281fa8}: 'java.lang.Object java.lang.invoke.DirectMethodHandle$Holder.invokeSpecial(java.lang.Object, java.lang.Object, java.lang.Object, java.lang.Object, java.lang.Object, int)'> (0x00000000a5281fa8) 
thrown [s\open\src\hotspot\share\interpreter\linkResolver.cpp, line 773]
Event: 8.122 Thread 0x000001d8317bd1e0 Exception <a 'java/lang/NoSuchMethodError'{0x00000000a5285d78}: 'java.lang.Object java.lang.invoke.Invokers$Holder.linkToTargetMethod(java.lang.Object, java.lang.Object, java.lang.Object, int, java.lang.Object)'> (0x00000000a5285d78) 
thrown [s\open\src\hotspot\share\interpreter\linkResolver.cpp, line 773]

VM Operations (20 events):
Event: 6.181 Executing VM operation: HandshakeAllThreads
Event: 6.181 Executing VM operation: HandshakeAllThreads done
Event: 6.183 Executing VM operation: HandshakeAllThreads
Event: 6.183 Executing VM operation: HandshakeAllThreads done
Event: 6.278 Executing VM operation: HandshakeAllThreads
Event: 6.278 Executing VM operation: HandshakeAllThreads done
Event: 6.608 Executing VM operation: HandshakeAllThreads
Event: 6.608 Executing VM operation: HandshakeAllThreads done
Event: 6.627 Executing VM operation: ICBufferFull
Event: 6.627 Executing VM operation: ICBufferFull done
Event: 6.932 Executing VM operation: HandshakeAllThreads
Event: 6.932 Executing VM operation: HandshakeAllThreads done
Event: 7.359 Executing VM operation: G1CollectForAllocation
Event: 7.367 Executing VM operation: G1CollectForAllocation done
Event: 7.951 Executing VM operation: HandshakeAllThreads
Event: 7.951 Executing VM operation: HandshakeAllThreads done
Event: 8.245 Executing VM operation: HandshakeAllThreads
Event: 8.245 Executing VM operation: HandshakeAllThreads done
Event: 9.248 Executing VM operation: Cleanup
Event: 9.249 Executing VM operation: Cleanup done

Events (19 events):
Event: 0.038 Thread 0x000001d80ec1e250 Thread added: 0x000001d80ec1e250
Event: 0.058 Thread 0x000001d82cc52d40 Thread added: 0x000001d82cc52d40
Event: 0.059 Thread 0x000001d82cc54890 Thread added: 0x000001d82cc54890
Event: 0.060 Thread 0x000001d82cc5ae80 Thread added: 0x000001d82cc5ae80
Event: 0.060 Thread 0x000001d82cc5d8d0 Thread added: 0x000001d82cc5d8d0
Event: 0.060 Thread 0x000001d82cc5e210 Thread added: 0x000001d82cc5e210
Event: 0.060 Thread 0x000001d82cc5f090 Thread added: 0x000001d82cc5f090
Event: 0.061 Thread 0x000001d82cc6b8d0 Thread added: 0x000001d82cc6b8d0
Event: 0.061 Thread 0x000001d82cc6c4b0 Thread added: 0x000001d82cc6c4b0
Event: 0.192 Thread 0x000001d82cc20b50 Thread added: 0x000001d82cc20b50
Event: 0.554 Thread 0x000001d8313a7960 Thread added: 0x000001d8313a7960
Event: 0.554 Thread 0x000001d831320200 Thread added: 0x000001d831320200
Event: 1.331 Thread 0x000001d831976500 Thread added: 0x000001d831976500
Event: 1.345 Thread 0x000001d8317bacb0 Thread added: 0x000001d8317bacb0
Event: 1.360 Thread 0x000001d8317bd1e0 Thread added: 0x000001d8317bd1e0
Event: 2.255 Thread 0x000001d8317bd730 Thread added: 0x000001d8317bd730
Event: 4.217 Thread 0x000001d8317bdc80 Thread added: 0x000001d8317bdc80
Event: 4.414 Thread 0x000001d8317bdc80 Thread exited: 0x000001d8317bdc80
Event: 4.699 Thread 0x000001d8317bd730 Thread exited: 0x000001d8317bd730


Dynamic libraries:
0x00007ff678c80000 - 0x00007ff678c90000 	C:\Program Files\Java\jdk-20\bin\java.exe
0x00007ffd25e80000 - 0x00007ffd260e6000 	C:\WINDOWS\SYSTEM32\ntdll.dll
0x00007ffd24fa0000 - 0x00007ffd25069000 	C:\WINDOWS\System32\KERNEL32.DLL
0x00007ffd233e0000 - 0x00007ffd237df000 	C:\WINDOWS\System32\KERNELBASE.dll
0x00007ffd231c0000 - 0x00007ffd2330c000 	C:\WINDOWS\System32\ucrtbase.dll
0x00007ffd04940000 - 0x00007ffd04959000 	C:\Program Files\Java\jdk-20\bin\jli.dll
0x00007ffd026f0000 - 0x00007ffd0270b000 	C:\Program Files\Java\jdk-20\bin\VCRUNTIME140.dll
0x00007ffd24a00000 - 0x00007ffd24abc000 	C:\WINDOWS\System32\ADVAPI32.dll
0x00007ffd25450000 - 0x00007ffd254f9000 	C:\WINDOWS\System32\msvcrt.dll
0x00007ffd25be0000 - 0x00007ffd25c8a000 	C:\WINDOWS\System32\sechost.dll
0x00007ffd257a0000 - 0x00007ffd258b8000 	C:\WINDOWS\System32\RPCRT4.dll
0x00007ffd24ad0000 - 0x00007ffd24c96000 	C:\WINDOWS\System32\USER32.dll
0x00007ffd0e150000 - 0x00007ffd0e3e1000 	C:\WINDOWS\WinSxS\amd64_microsoft.windows.common-controls_6595b64144ccf1df_6.0.26100.8972_none_3e0da176e32f9d4b\COMCTL32.dll
0x00007ffd23320000 - 0x00007ffd23347000 	C:\WINDOWS\System32\win32u.dll
0x00007ffd258c0000 - 0x00007ffd258eb000 	C:\WINDOWS\System32\GDI32.dll
0x00007ffd23090000 - 0x00007ffd231b9000 	C:\WINDOWS\System32\gdi32full.dll
0x00007ffd237f0000 - 0x00007ffd23893000 	C:\WINDOWS\System32\msvcp_win.dll
0x00007ffd1a7a0000 - 0x00007ffd1a7ab000 	C:\WINDOWS\SYSTEM32\VERSION.dll
0x00007ffd258f0000 - 0x00007ffd25922000 	C:\WINDOWS\System32\IMM32.DLL
0x00007ffd1ad60000 - 0x00007ffd1ad6c000 	C:\Program Files\Java\jdk-20\bin\vcruntime140_1.dll
0x00007ffc763e0000 - 0x00007ffc7646e000 	C:\Program Files\Java\jdk-20\bin\msvcp140.dll
0x00007ffc290c0000 - 0x00007ffc29d57000 	C:\Program Files\Java\jdk-20\bin\server\jvm.dll
0x00007ffd1c720000 - 0x00007ffd1c72a000 	C:\WINDOWS\SYSTEM32\WSOCK32.dll
0x00007ffd18260000 - 0x00007ffd18296000 	C:\WINDOWS\SYSTEM32\WINMM.dll
0x00007ffd24950000 - 0x00007ffd249d2000 	C:\WINDOWS\System32\WS2_32.dll
0x00007ffd21d50000 - 0x00007ffd21d6b000 	C:\WINDOWS\SYSTEM32\kernel.appcore.dll
0x00007ffd0ed30000 - 0x00007ffd0ed3a000 	C:\Program Files\Java\jdk-20\bin\jimage.dll
0x00007ffd20720000 - 0x00007ffd20962000 	C:\WINDOWS\SYSTEM32\DBGHELP.DLL
0x00007ffd25070000 - 0x00007ffd253f5000 	C:\WINDOWS\System32\combase.dll
0x00007ffd259a0000 - 0x00007ffd25a79000 	C:\WINDOWS\System32\OLEAUT32.dll
0x00007ffd08180000 - 0x00007ffd081bb000 	C:\WINDOWS\SYSTEM32\dbgcore.DLL
0x00007ffd238a0000 - 0x00007ffd2394c000 	C:\WINDOWS\System32\bcryptPrimitives.dll
0x00007ffd076d0000 - 0x00007ffd076de000 	C:\Program Files\Java\jdk-20\bin\instrument.dll
0x00007ffd00290000 - 0x00007ffd002b6000 	C:\Program Files\Java\jdk-20\bin\java.dll
0x00007ffc9a880000 - 0x00007ffc9a957000 	C:\Program Files\Java\jdk-20\bin\jsvml.dll
0x00007ffd240c0000 - 0x00007ffd24848000 	C:\WINDOWS\System32\SHELL32.dll
0x00007ffd20b20000 - 0x00007ffd213bb000 	C:\WINDOWS\SYSTEM32\windows.storage.dll
0x00007ffd24ea0000 - 0x00007ffd24f99000 	C:\WINDOWS\System32\SHCORE.dll
0x00007ffd25b40000 - 0x00007ffd25ba6000 	C:\WINDOWS\System32\shlwapi.dll
0x00007ffd22fb0000 - 0x00007ffd22fd9000 	C:\WINDOWS\SYSTEM32\profapi.dll
0x00007ffd00f40000 - 0x00007ffd00f58000 	C:\Program Files\Java\jdk-20\bin\zip.dll
0x00007ffd012c0000 - 0x00007ffd012d3000 	C:\Program Files\Java\jdk-20\bin\net.dll
0x00007ffd1bca0000 - 0x00007ffd1bdc8000 	C:\WINDOWS\SYSTEM32\WINHTTP.dll
0x00007ffd22330000 - 0x00007ffd2239c000 	C:\WINDOWS\system32\mswsock.dll
0x00007ffd00f60000 - 0x00007ffd00f76000 	C:\Program Files\Java\jdk-20\bin\nio.dll
0x00007ffd05320000 - 0x00007ffd0533a000 	C:\Program Files\JetBrains\IntelliJ IDEA Community Edition 2023.1\bin\breakgen64.dll
0x00007ffd0ded0000 - 0x00007ffd0ded7000 	C:\Program Files\Java\jdk-20\bin\extnet.dll
0x00007ffd09f20000 - 0x00007ffd09f2a000 	C:\Program Files\Java\jdk-20\bin\management.dll
0x00007ffd08080000 - 0x00007ffd0808b000 	C:\Program Files\Java\jdk-20\bin\management_ext.dll
0x00007ffd25e30000 - 0x00007ffd25e38000 	C:\WINDOWS\System32\PSAPI.DLL
0x00007ffd065d0000 - 0x00007ffd065de000 	C:\Program Files\Java\jdk-20\bin\sunmscapi.dll
0x00007ffd23a20000 - 0x00007ffd23b9e000 	C:\WINDOWS\System32\CRYPT32.dll
0x00007ffd22860000 - 0x00007ffd22890000 	C:\WINDOWS\SYSTEM32\ncrypt.dll
0x00007ffd22810000 - 0x00007ffd2284f000 	C:\WINDOWS\SYSTEM32\NTASN1.dll
0x00007ffd22620000 - 0x00007ffd2263b000 	C:\WINDOWS\SYSTEM32\CRYPTSP.dll
0x00007ffd21cb0000 - 0x00007ffd21ce9000 	C:\WINDOWS\system32\rsaenh.dll
0x00007ffd223e0000 - 0x00007ffd22412000 	C:\WINDOWS\SYSTEM32\USERENV.dll
0x00007ffd22f80000 - 0x00007ffd22faa000 	C:\WINDOWS\SYSTEM32\bcrypt.dll
0x00007ffd22640000 - 0x00007ffd2264c000 	C:\WINDOWS\SYSTEM32\CRYPTBASE.dll
0x00007ffd21740000 - 0x00007ffd21773000 	C:\WINDOWS\SYSTEM32\IPHLPAPI.DLL
0x00007ffd25930000 - 0x00007ffd2593a000 	C:\WINDOWS\System32\NSI.dll
0x00007ffd1c6e0000 - 0x00007ffd1c6fd000 	C:\WINDOWS\SYSTEM32\dhcpcsvc6.DLL
0x00007ffd1b460000 - 0x00007ffd1b485000 	C:\WINDOWS\SYSTEM32\dhcpcsvc.DLL
0x00007ffd217e0000 - 0x00007ffd21938000 	C:\WINDOWS\SYSTEM32\DNSAPI.dll
0x00007ffd220f0000 - 0x00007ffd220fd000 	C:\WINDOWS\SYSTEM32\DSPARSE.dll

dbghelp: loaded successfully - version: 4.0.5 - missing functions: none
symbol engine: initialized successfully - sym options: 0x614 - pdb path: .;C:\Program Files\Java\jdk-20\bin;C:\WINDOWS\SYSTEM32;C:\WINDOWS\WinSxS\amd64_microsoft.windows.common-controls_6595b64144ccf1df_6.0.26100.8972_none_3e0da176e32f9d4b;C:\Program Files\Java\jdk-20\bin\server;C:\Program Files\JetBrains\IntelliJ IDEA Community Edition 2023.1\bin

VM Arguments:
jvm_args: -javaagent:C:\Program Files\JetBrains\IntelliJ IDEA Community Edition 2023.1\lib\idea_rt.jar=61630:C:\Program Files\JetBrains\IntelliJ IDEA Community Edition 2023.1\bin -Dfile.encoding=UTF-8 -Dsun.stdout.encoding=UTF-8 -Dsun.stderr.encoding=UTF-8 
java_command: com.streampay.payment.PaymentServiceApplication
java_class_path (initial): C:\Users\Priyaanshu Mittra\Desktop\STS\MicroServiceProjects\StreamPay\payment-service\target\classes;C:\Users\Priyaanshu Mittra\.m2\repository\org\springframework\boot\spring-boot-starter-web\3.5.5\spring-boot-starter-web-3.5.5.jar;C:\Users\Priyaanshu Mittra\.m2\repository\org\springframework\boot\spring-boot-starter\3.5.5\spring-boot-starter-3.5.5.jar;C:\Users\Priyaanshu Mittra\.m2\repository\org\springframework\boot\spring-boot-starter-logging\3.5.5\spring-boot-starter-logging-3.5.5.jar;C:\Users\Priyaanshu Mittra\.m2\repository\ch\qos\logback\logback-classic\1.5.18\logback-classic-1.5.18.jar;C:\Users\Priyaanshu Mittra\.m2\repository\ch\qos\logback\logback-core\1.5.18\logback-core-1.5.18.jar;C:\Users\Priyaanshu Mittra\.m2\repository\org\apache\logging\log4j\log4j-to-slf4j\2.24.3\log4j-to-slf4j-2.24.3.jar;C:\Users\Priyaanshu Mittra\.m2\repository\org\apache\logging\log4j\log4j-api\2.24.3\log4j-api-2.24.3.jar;C:\Users\Priyaanshu Mittra\.m2\repository\org\slf4j\jul-to-slf4j\2.0.17\jul-to-slf4j-2.0.17.jar;C:\Users\Priyaanshu Mittra\.m2\repository\jakarta\annotation\jakarta.annotation-api\2.1.1\jakarta.annotation-api-2.1.1.jar;C:\Users\Priyaanshu Mittra\.m2\repository\org\yaml\snakeyaml\2.4\snakeyaml-2.4.jar;C:\Users\Priyaanshu Mittra\.m2\repository\org\springframework\boot\spring-boot-starter-json\3.5.5\spring-boot-starter-json-3.5.5.jar;C:\Users\Priyaanshu Mittra\.m2\repository\com\fasterxml\jackson\datatype\jackson-datatype-jdk8\2.19.2\jackson-datatype-jdk8-2.19.2.jar;C:\Users\Priyaanshu Mittra\.m2\repository\com\fasterxml\jackson\datatype\jackson-datatype-jsr310\2.19.2\jackson-datatype-jsr310-2.19.2.jar;C:\Users\Priyaanshu Mittra\.m2\repository\com\fasterxml\jackson\module\jackson-module-parameter-names\2.19.2\jackson-module-parameter-names-2.19.2.jar;C:\Users\Priyaanshu Mittra\.m2\repository\org\springframework\boot\spring-boot-starter-tomcat\3.5.5\spring-boot-starter-tomcat-3.5.5.jar;C:\Users\Priyaanshu Mittra\.m2\repository\org\apache\tomcat\embed\tomcat-embed-core\10.1.44\tomcat-embed-core-10.1.44.jar;C:\Users\Priyaanshu Mittra\.m2\repository\org\apache\tomcat\embed\tomcat-embed-websocket\10.1.44\tomcat-embed-websocket-10.1.44.jar;C:\Users\Priyaanshu Mittra\.m2\repository\org\springframework\spring-web\6.2.10\spring-web-6.2.10.jar;C:\Users\Priyaanshu Mittra\.m2\repository\org\springframework\spring-beans\6.2.10\spring-beans-6.2.10.jar;C:\Users\Priyaanshu Mittra\.m2\repository\org\springframework\spring-webmvc\6.2.10\spring-webmvc-6.2.10.jar;C:\Users\Priyaanshu Mittra\.m2\repository\org\springframework\spring-expression\6.2.10\spring-expression-6.2.10.jar;C:\Users\Priyaanshu Mittra\.m2\repository\org\springframework\boot\spring-boot-starter-security\3.5.5\spring-boot-starter-security-3.5.5.jar;C:\Users\Priyaanshu Mittra\.m2\repository\org\springframework\spring-aop\6.2.10\spring-aop-6.2.10.jar;C:\Users\Priyaanshu Mittra\.m2\repository\org\springframework\security\spring-security-config\6.5.3\spring-security-config-6.5.3.jar;C:\Users\Priyaanshu Mittra\.m2\repository\org\springframework\security\spring-security-core\6.5.3\spring-security-core-6.5.3.jar;C:\Users\Priyaanshu Mittra\.m2\repository\org\springframework\security\spring-security-crypto\6.5.3\spring-security-crypto-6.5.3.jar;C:\Users\Priyaanshu Mittra\.m2\repository\org\springframework\security\spring-security-web\6.5.3\spring-security-web-6.5.3.jar;C:\Users\Priyaanshu Mittra\.m2\repository\org\springframework\kafka\spring-kafka\3.3.9\spring-kafka-3.3.9.jar;C:\Users\Priyaanshu Mittra\.m2\repository\org\springframework\spring-context\6.2.10\spring-context-6.2.10.jar;C:\Users\Priyaanshu Mittra\.m2\repository\org\springframework\spring-messaging\6.2.10\spring-messaging-6.2.10.jar;C:\Users\Priyaanshu Mittra\.m2\repository\org\springframework\spring-tx\6.2.10\spring-tx-6.2.10.jar;C:\Users\Priyaanshu Mittra\.m2\repository\org\springframework\retry\spring-retry\2.0.12\spring-retry-2.0.12.jar;C:\Users\Priyaanshu Mittra\.m2\repository\org\apache\kafka\kafka-clients\3.9.1\kafka-clients-3.9.1.jar;C:\Users\Priyaanshu Mittra\.m2\repository\com\github\luben\zstd-jni\1.5.6-4\zstd-jni-1.5.6-4.jar;C:\Users\Priyaanshu Mittra\.m2\repository\org\lz4\lz4-java\1.8.0\lz4-java-1.8.0.jar;C:\Users\Priyaanshu Mittra\.m2\repository\org\xerial\snappy\snappy-java\1.1.10.5\snappy-java-1.1.10.5.jar;C:\Users\Priyaanshu Mittra\.m2\repository\org\slf4j\slf4j-api\2.0.17\slf4j-api-2.0.17.jar;C:\Users\Priyaanshu Mittra\.m2\repository\io\micrometer\micrometer-observation\1.15.3\micrometer-observation-1.15.3.jar;C:\Users\Priyaanshu Mittra\.m2\repository\io\micrometer\micrometer-commons\1.15.3\micrometer-commons-1.15.3.jar;C:\Users\Priyaanshu Mittra\.m2\repository\io\jsonwebtoken\jjwt-api\0.12.6\jjwt-api-0.12.6.jar;C:\Users\Priyaanshu Mittra\.m2\repository\io\jsonwebtoken\jjwt-impl\0.12.6\jjwt-impl-0.12.6.jar;C:\Users\Priyaanshu Mittra\.m2\repository\io\jsonwebtoken\jjwt-jackson\0.12.6\jjwt-jackson-0.12.6.jar;C:\Users\Priyaanshu Mittra\.m2\repository\com\fasterxml\jackson\core\jackson-databind\2.19.2\jackson-databind-2.19.2.jar;C:\Users\Priyaanshu Mittra\.m2\repository\com\fasterxml\jackson\core\jackson-annotations\2.19.2\jackson-annotations-2.19.2.jar;C:\Users\Priyaanshu Mittra\.m2\repository\com\fasterxml\jackson\core\jackson-core\2.19.2\jackson-core-2.19.2.jar;C:\Users\Priyaanshu Mittra\.m2\repository\org\springframework\boot\spring-boot-starter-data-jpa\3.5.5\spring-boot-starter-data-jpa-3.5.5.jar;C:\Users\Priyaanshu Mittra\.m2\repository\org\springframework\boot\spring-boot-starter-jdbc\3.5.5\spring-boot-starter-jdbc-3.5.5.jar;C:\Users\Priyaanshu Mittra\.m2\repository\com\zaxxer\HikariCP\6.3.2\HikariCP-6.3.2.jar;C:\Users\Priyaanshu Mittra\.m2\repository\org\springframework\spring-jdbc\6.2.10\spring-jdbc-6.2.10.jar;C:\Users\Priyaanshu Mittra\.m2\repository\org\hibernate\orm\hibernate-core\6.6.26.Final\hibernate-core-6.6.26.Final.jar;C:\Users\Priyaanshu Mittra\.m2\repository\jakarta\persistence\jakarta.persistence-api\3.1.0\jakarta.persistence-api-3.1.0.jar;C:\Users\Priyaanshu Mittra\.m2\repository\jakarta\transaction\jakarta.transaction-api\2.0.1\jakarta.transaction-api-2.0.1.jar;C:\Users\Priyaanshu Mittra\.m2\repository\org\jboss\logging\jboss-logging\3.6.1.Final\jboss-logging-3.6.1.Final.jar;C:\Users\Priyaanshu Mittra\.m2\repository\org\hibernate\common\hibernate-commons-annotations\7.0.3.Final\hibernate-commons-annotations-7.0.3.Final.jar;C:\Users\Priyaanshu Mittra\.m2\repository\io\smallrye\jandex\3.2.0\jandex-3.2.0.jar;C:\Users\Priyaanshu Mittra\.m2\repository\com\fasterxml\classmate\1.7.0\classmate-1.7.0.jar;C:\Users\Priyaanshu Mittra\.m2\repository\net\bytebuddy\byte-buddy\1.17.7\byte-buddy-1.17.7.jar;C:\Users\Priyaanshu Mittra\.m2\repository\org\glassfish\jaxb\jaxb-runtime\4.0.5\jaxb-runtime-4.0.5.jar;C:\Users\Priyaanshu Mittra\.m2\repository\org\glassfish\jaxb\jaxb-core\4.0.5\jaxb-core-4.0.5.jar;C:\Users\Priyaanshu Mittra\.m2\repository\org\eclipse\angus\angus-activation\2.0.2\angus-activation-2.0.2.jar;C:\Users\Priyaanshu Mittra\.m2\repository\org\glassfish\jaxb\txw2\4.0.5\txw2-4.0.5.jar;C:\Users\Priyaanshu Mittra\.m2\repository\com\sun\istack\istack-commons-runtime\4.1.2\istack-commons-runtime-4.1.2.jar;C:\Users\Priyaanshu Mittra\.m2\repository\jakarta\inject\jakarta.inject-api\2.0.1\jakarta.inject-api-2.0.1.jar;C:\Users\Priyaanshu Mittra\.m2\repository\org\antlr\antlr4-runtime\4.13.0\antlr4-runtime-4.13.0.jar;C:\Users\Priyaanshu Mittra\.m2\repository\org\springframework\data\spring-data-jpa\3.5.3\spring-data-jpa-3.5.3.jar;C:\Users\Priyaanshu Mittra\.m2\repository\org\springframework\data\spring-data-commons\3.5.3\spring-data-commons-3.5.3.jar;C:\Users\Priyaanshu Mittra\.m2\repository\org\springframework\spring-orm\6.2.10\spring-orm-6.2.10.jar;C:\Users\Priyaanshu Mittra\.m2\repository\org\springframework\spring-aspects\6.2.10\spring-aspects-6.2.10.jar;C:\Users\Priyaanshu Mittra\.m2\repository\org\aspectj\aspectjweaver\1.9.24\aspectjweaver-1.9.24.jar;C:\Users\Priyaanshu Mittra\.m2\repository\com\mysql\mysql-connector-j\9.4.0\mysql-connector-j-9.4.0.jar;C:\Users\Priyaanshu Mittra\.m2\repository\org\springframework\boot\spring-boot-starter-validation\3.5.5\spring-boot-starter-validation-3.5.5.jar;C:\Users\Priyaanshu Mittra\.m2\repository\org\apache\tomcat\embed\tomcat-embed-el\10.1.44\tomcat-embed-el-10.1.44.jar;C:\Users\Priyaanshu Mittra\.m2\repository\org\hibernate\validator\hibernate-validator\8.0.3.Final\hibernate-validator-8.0.3.Final.jar;C:\Users\Priyaanshu Mittra\.m2\repository\jakarta\validation\jakarta.validation-api\3.0.2\jakarta.validation-api-3.0.2.jar;C:\Users\Priyaanshu Mittra\.m2\repository\org\projectlombok\lombok\1.18.38\lombok-1.18.38.jar;C:\Users\Priyaanshu Mittra\.m2\repository\org\springframework\boot\spring-boot-starter-actuator\3.5.5\spring-boot-starter-actuator-3.5.5.jar;C:\Users\Priyaanshu Mittra\.m2\repository\org\springframework\boot\spring-boot-actuator-autoconfigure\3.5.5\spring-boot-actuator-autoconfigure-3.5.5.jar;C:\Users\Priyaanshu Mittra\.m2\repository\org\springframework\boot\spring-boot-actuator\3.5.5\spring-boot-actuator-3.5.5.jar;C:\Users\Priyaanshu Mittra\.m2\repository\io\micrometer\micrometer-jakarta9\1.15.3\micrometer-jakarta9-1.15.3.jar;C:\Users\Priyaanshu Mittra\.m2\repository\io\micrometer\micrometer-core\1.15.3\micrometer-core-1.15.3.jar;C:\Users\Priyaanshu Mittra\.m2\repository\org\hdrhistogram\HdrHistogram\2.2.2\HdrHistogram-2.2.2.jar;C:\Users\Priyaanshu Mittra\.m2\repository\org\latencyutils\LatencyUtils\2.0.3\LatencyUtils-2.0.3.jar;C:\Users\Priyaanshu Mittra\.m2\repository\jakarta\xml\bind\jakarta.xml.bind-api\4.0.2\jakarta.xml.bind-api-4.0.2.jar;C:\Users\Priyaanshu Mittra\.m2\repository\jakarta\activation\jakarta.activation-api\2.1.3\jakarta.activation-api-2.1.3.jar;C:\Users\Priyaanshu Mittra\.m2\repository\org\springframework\spring-core\6.2.10\spring-core-6.2.10.jar;C:\Users\Priyaanshu Mittra\.m2\repository\org\springframework\spring-jcl\6.2.10\spring-jcl-6.2.10.jar;C:\Users\Priyaanshu Mittra\.m2\repository\org\springframework\boot\spring-boot-devtools\3.5.5\spring-boot-devtools-3.5.5.jar;C:\Users\Priyaanshu Mittra\.m2\repository\org\springframework\boot\spring-boot\3.5.5\spring-boot-3.5.5.jar;C:\Users\Priyaanshu Mittra\.m2\repository\org\springframework\boot\spring-boot-autoconfigure\3.5.5\spring-boot-autoconfigure-3.5.5.jar
Launcher Type: SUN_STANDARD

[Global flags]
     intx CICompilerCount                          = 4                                         {product} {ergonomic}
     uint ConcGCThreads                            = 3                                         {product} {ergonomic}
     uint G1ConcRefinementThreads                  = 10                                        {product} {ergonomic}
   size_t G1HeapRegionSize                         = 1048576                                   {product} {ergonomic}
    uintx GCDrainStackTargetSize                   = 64                                        {product} {ergonomic}
   size_t InitialHeapSize                          = 98566144                                  {product} {ergonomic}
   size_t MarkStackSize                            = 4194304                                   {product} {ergonomic}
   size_t MaxHeapSize                              = 1572864000                                {product} {ergonomic}
   size_t MaxNewSize                               = 943718400                                 {product} {ergonomic}
   size_t MinHeapDeltaBytes                        = 1048576                                   {product} {ergonomic}
   size_t MinHeapSize                              = 8388608                                   {product} {ergonomic}
    uintx NonNMethodCodeHeapSize                   = 5839372                                {pd product} {ergonomic}
    uintx NonProfiledCodeHeapSize                  = 122909434                              {pd product} {ergonomic}
    uintx ProfiledCodeHeapSize                     = 122909434                              {pd product} {ergonomic}
    uintx ReservedCodeCacheSize                    = 251658240                              {pd product} {ergonomic}
     bool SegmentedCodeCache                       = true                                      {product} {ergonomic}
   size_t SoftMaxHeapSize                          = 1572864000                             {manageable} {ergonomic}
     bool UseCompressedClassPointers               = true                           {product lp64_product} {ergonomic}
     bool UseCompressedOops                        = true                           {product lp64_product} {ergonomic}
     bool UseG1GC                                  = true                                      {product} {ergonomic}
     bool UseLargePagesIndividualAllocation        = false                                  {pd product} {ergonomic}

Logging:
Log output configuration:
 #0: stdout all=warning uptime,level,tags foldmultilines=false
 #1: stderr all=off uptime,level,tags foldmultilines=false

Environment Variables:
PATH=C:\Program Files\Common Files\Oracle\Java\javapath;C:\Windows\system32;C:\Windows;C:\Windows\System32\Wbem;C:\Windows\System32\WindowsPowerShell\v1.0\;C:\Windows\System32\OpenSSH\;C:\Program Files (x86)\NVIDIA Corporation\PhysX\Common;C:\Program Files\NVIDIA Corporation\NVIDIA NvDLISR;C:\Program Files\MySQL\MySQL Server 8.0\bin;C:\Program Files\nodejs\;C:\Program Files\nodejs\node_modules\npm\bin;C:\WINDOWS\system32;C:\WINDOWS;C:\WINDOWS\System32\Wbem;C:\WINDOWS\System32\WindowsPowerShell\v1.0\;C:\WINDOWS\System32\OpenSSH\;C:\Program Files\Cloudflare\Cloudflare WARP\;C:\Program Files\dotnet\;C:\Users\Priyaanshu Mittra\Downloads\apache-maven-3.9.9\bin;C:\Program Files\Git\cmd;C:\Program Files\Docker\Docker\resources\bin;C:\Users\Priyaanshu Mittra\anaconda3;C:\Users\Priyaanshu Mittra\anaconda3\Library\mingw-w64\bin;C:\Users\Priyaanshu Mittra\anaconda3\Library\usr\bin;C:\Users\Priyaanshu Mittra\anaconda3\Library\bin;C:\Users\Priyaanshu Mittra\anaconda3\Scripts;C:\Users\Priyaanshu Mittra\AppData\Local\Programs\Python\Python310\Scripts\;C:\Users\Priyaanshu Mittra\AppData\Local\Programs\Python\Python310\;C:\Users\Priyaanshu Mittra\AppData\Local\Programs\Python\Python311\Scripts\;C:\Users\Priyaanshu Mittra\AppData\Local\Programs\Python\Python311\;C:\Program Files\MySQL\MySQL Shell 8.0\bin\;C:\Users\Priyaanshu Mittra\AppData\Local\Microsoft\WindowsApps;C:\Users\Priyaanshu Mittra\AppData\Local\Programs\Microsoft VS Code\bin;C:\Users\Priyaanshu Mittra\AppData\Roaming\npm;C:\Program Files\nodejs\node_modules\npm\bin;C:\Users\Priyaanshu Mittra\AppData\Local\GitHubDesktop\bin;C:\Program Files\JetBrains\IntelliJ IDEA Community Edition 2023.1\bin;;
USERNAME=Priyaanshu Mittra
OS=Windows_NT
PROCESSOR_IDENTIFIER=AMD64 Family 25 Model 80 Stepping 0, AuthenticAMD
TMP=C:\Users\PRIYAA~1\AppData\Local\Temp
TEMP=C:\Users\PRIYAA~1\AppData\Local\Temp




---------------  S Y S T E M  ---------------

OS:
 Windows 11 , 64 bit Build 26100 (10.0.26100.9168)
OS uptime: 9 days 2:08 hours
Hyper-V role detected

CPU: total 12 (initial active 12) (12 cores per cpu, 2 threads per core) family 25 model 80 stepping 0 microcode 0xa50000c, cx8, cmov, fxsr, ht, mmx, 3dnowpref, sse, sse2, sse3, ssse3, sse4a, sse4.1, sse4.2, popcnt, lzcnt, tsc, tscinvbit, avx, avx2, aes, erms, clmul, bmi1, bmi2, adx, sha, fma, vzeroupper, clflush, clflushopt, hv, rdtscp, rdpid, fsrm, f16c, cet_ss

Memory: 4k page, system-wide physical 5996M (316M free)
TotalPageFile size 24428M (AvailPageFile size 72M)
current process WorkingSet (physical memory assigned to process): 221M, peak: 221M
current process commit charge ("private bytes"): 262M, peak: 262M

vm_info: Java HotSpot(TM) 64-Bit Server VM (20+36-2344) for windows-amd64 JRE (20+36-2344), built on 2023-02-10T19:30:15Z by "mach5one" with MS VC++ 17.1 (VS2022)

END.
